
> egypt-advisor-cms@1.0.0 start
> node scripts/serve.js start

▲ Next.js 16.2.3
- Local:         http://localhost:3001
- Network:       http://10.1.0.166:3001
✓ Ready in 123ms
⚠ Warning: Next.js inferred your workspace root, but it may not be correct.
 We detected multiple lockfiles and selected the directory of /home/runner/work/egypt-advisor-tours/egypt-advisor-tours/package-lock.json as the root directory.
 To silence this warning, set `outputFileTracingRoot` in your Next.js config, or consider removing one of the lockfiles if it's not needed.
   See https://nextjs.org/docs/app/api-reference/config/next-config-js/output#caveats for more information.
 Detected additional lockfiles: 
   * /home/runner/work/egypt-advisor-tours/egypt-advisor-tours/cms/package-lock.json

Error: Could not find a production build in the '.next' directory. Try building your app with 'next build' before starting the production server. https://nextjs.org/docs/messages/production-start-no-build-id
    at ignore-listed frames

> egypt-advisor-cms@1.0.0 start
> node scripts/serve.js start

▲ Next.js 16.2.3
- Local:         http://localhost:3001
- Network:       http://10.1.0.166:3001
✓ Ready in 120ms
⚠ Warning: Next.js inferred your workspace root, but it may not be correct.
 We detected multiple lockfiles and selected the directory of /home/runner/work/egypt-advisor-tours/egypt-advisor-tours/package-lock.json as the root directory.
 To silence this warning, set `outputFileTracingRoot` in your Next.js config, or consider removing one of the lockfiles if it's not needed.
   See https://nextjs.org/docs/app/api-reference/config/next-config-js/output#caveats for more information.
 Detected additional lockfiles: 
   * /home/runner/work/egypt-advisor-tours/egypt-advisor-tours/cms/package-lock.json

[12:04:29] [33mWARN[39m: [36mNo email adapter provided. Email will be written to console. More info at https://payloadcms.com/docs/email/overview.[39m
⨯ Error: Failed query: select "id", "name", "updated_at", "created_at", "email", "reset_password_token", "reset_password_expiration", "salt", "hash", "login_attempts", "lock_until", (select coalesce(json_group_array(json_array("_order", "id", "created_at", "expires_at")), json_array()) as "data" from (select * from "users_sessions" "users_sessions" where "users_sessions"."_parent_id" = "users"."id" order by "users_sessions"."_order" asc) "users_sessions") as "sessions" from "users" "users" order by "users"."created_at" desc limit ?
params: 1
    at bh.queryWithCache (.next/server/chunks/ssr/[root-of-the-server]__043.4_g._.js:335:22319)
    at async bh.values (.next/server/chunks/ssr/[root-of-the-server]__043.4_g._.js:335:28111)
    at async bh.all (.next/server/chunks/ssr/[root-of-the-server]__043.4_g._.js:335:27059)
    at async k (.next/server/chunks/ssr/[root-of-the-server]__043.4_g._.js:274:2612)
    at async Object.d [as findOne] (.next/server/chunks/ssr/[root-of-the-server]__043.4_g._.js:274:9698)
    at async bx (.next/server/chunks/ssr/cms_084tq.7._.js:1:182621) {
  query: 'select "id", "name", "updated_at", "created_at", "email", "reset_password_token", "reset_password_expiration", "salt", "hash", "login_attempts", "lock_until", (select coalesce(json_group_array(json_array("_order", "id", "created_at", "expires_at")), json_array()) as "data" from (select * from "users_sessions" "users_sessions" where "users_sessions"."_parent_id" = "users"."id" order by "users_sessions"."_order" asc) "users_sessions") as "sessions" from "users" "users" order by "users"."created_at" desc limit ?',
  params: [ 1 ],
  digest: '1420546809',
  [cause]: Error [LibsqlError]: SQLITE_ERROR: no such table: users
      at <unknown> (.next/server/chunks/ssr/[root-of-the-server]__043.4_g._.js:335:28244)
      at bh.queryWithCache (.next/server/chunks/ssr/[root-of-the-server]__043.4_g._.js:335:22300)
      at bh.values (.next/server/chunks/ssr/[root-of-the-server]__043.4_g._.js:335:28122)
      at bh.all (.next/server/chunks/ssr/[root-of-the-server]__043.4_g._.js:335:27070)
      at QueryPromise.executeRaw (.next/server/chunks/ssr/[root-of-the-server]__043.4_g._.js:335:18092)
      at QueryPromise.execute (.next/server/chunks/ssr/[root-of-the-server]__043.4_g._.js:335:18126)
      at QueryPromise.then (.next/server/chunks/ssr/[root-of-the-server]__043.4_g._.js:335:720) {
    code: 'SQLITE_ERROR',
    rawCode: 1,
    [cause]: SqliteError: no such table: users
        at <unknown> (.next/server/chunks/ssr/[root-of-the-server]__043.4_g._.js:335:28244)
        at bh.queryWithCache (.next/server/chunks/ssr/[root-of-the-server]__043.4_g._.js:335:22300)
        at bh.values (.next/server/chunks/ssr/[root-of-the-server]__043.4_g._.js:335:28122)
        at bh.all (.next/server/chunks/ssr/[root-of-the-server]__043.4_g._.js:335:27070)
        at QueryPromise.executeRaw (.next/server/chunks/ssr/[root-of-the-server]__043.4_g._.js:335:18092)
        at QueryPromise.execute (.next/server/chunks/ssr/[root-of-the-server]__043.4_g._.js:335:18126) {
      code: 'SQLITE_ERROR',
      rawCode: 1
    }
  }
}
⨯ Error: Failed query: select "id", "name", "updated_at", "created_at", "email", "reset_password_token", "reset_password_expiration", "salt", "hash", "login_attempts", "lock_until", (select coalesce(json_group_array(json_array("_order", "id", "created_at", "expires_at")), json_array()) as "data" from (select * from "users_sessions" "users_sessions" where "users_sessions"."_parent_id" = "users"."id" order by "users_sessions"."_order" asc) "users_sessions") as "sessions" from "users" "users" order by "users"."created_at" desc limit ?
params: 1
    at bh.queryWithCache (.next/server/chunks/ssr/[root-of-the-server]__043.4_g._.js:335:22319)
    at async bh.values (.next/server/chunks/ssr/[root-of-the-server]__043.4_g._.js:335:28111)
    at async bh.all (.next/server/chunks/ssr/[root-of-the-server]__043.4_g._.js:335:27059)
    at async k (.next/server/chunks/ssr/[root-of-the-server]__043.4_g._.js:274:2612)
    at async Object.d [as findOne] (.next/server/chunks/ssr/[root-of-the-server]__043.4_g._.js:274:9698)
    at async bx (.next/server/chunks/ssr/cms_084tq.7._.js:1:182621) {
  query: 'select "id", "name", "updated_at", "created_at", "email", "reset_password_token", "reset_password_expiration", "salt", "hash", "login_attempts", "lock_until", (select coalesce(json_group_array(json_array("_order", "id", "created_at", "expires_at")), json_array()) as "data" from (select * from "users_sessions" "users_sessions" where "users_sessions"."_parent_id" = "users"."id" order by "users_sessions"."_order" asc) "users_sessions") as "sessions" from "users" "users" order by "users"."created_at" desc limit ?',
  params: [ 1 ],
  digest: '1420546809',
  [cause]: Error [LibsqlError]: SQLITE_ERROR: no such table: users
      at <unknown> (.next/server/chunks/ssr/[root-of-the-server]__043.4_g._.js:335:28244)
      at bh.queryWithCache (.next/server/chunks/ssr/[root-of-the-server]__043.4_g._.js:335:22300)
      at bh.values (.next/server/chunks/ssr/[root-of-the-server]__043.4_g._.js:335:28122)
      at bh.all (.next/server/chunks/ssr/[root-of-the-server]__043.4_g._.js:335:27070)
      at QueryPromise.executeRaw (.next/server/chunks/ssr/[root-of-the-server]__043.4_g._.js:335:18092)
      at QueryPromise.execute (.next/server/chunks/ssr/[root-of-the-server]__043.4_g._.js:335:18126)
      at QueryPromise.then (.next/server/chunks/ssr/[root-of-the-server]__043.4_g._.js:335:720) {
    code: 'SQLITE_ERROR',
    rawCode: 1,
    [cause]: SqliteError: no such table: users
        at <unknown> (.next/server/chunks/ssr/[root-of-the-server]__043.4_g._.js:335:28244)
        at bh.queryWithCache (.next/server/chunks/ssr/[root-of-the-server]__043.4_g._.js:335:22300)
        at bh.values (.next/server/chunks/ssr/[root-of-the-server]__043.4_g._.js:335:28122)
        at bh.all (.next/server/chunks/ssr/[root-of-the-server]__043.4_g._.js:335:27070)
        at QueryPromise.executeRaw (.next/server/chunks/ssr/[root-of-the-server]__043.4_g._.js:335:18092)
        at QueryPromise.execute (.next/server/chunks/ssr/[root-of-the-server]__043.4_g._.js:335:18126) {
      code: 'SQLITE_ERROR',
      rawCode: 1
    }
  }
}
